[    0.000000] Initializing cgroup subsys cpuset
[    0.000000] Initializing cgroup subsys cpu
[    0.000000] Initializing cgroup subsys cpuacct
[    0.000000] Linux version 4.4.0-135-generic (buildd@lcy01-amd64-020) (gcc version 5.4.0 20160609 (Ubuntu 5.4.0-6ubuntu1~16.04.10) ) #161-Ubuntu SMP Mon Aug 27 10:45:01 UTC 2018 (Ubuntu 4.4.0-135.161-generic 4.4.140)
[    0.000000] Command line: BOOT_IMAGE=/boot/vmlinuz-4.4.0-135-generic root=LABEL=cloudimg-rootfs ro console=tty1 console=ttyS0
[    0.000000] KERNEL supported cpus:
[    0.000000]   Intel GenuineIntel
[    0.000000]   AMD AuthenticAMD
[    0.000000]   Centaur CentaurHauls
[    0.000000] x86/fpu: xstate_offset[2]:  576, xstate_sizes[2]:  256
[    0.000000] x86/fpu: Supporting XSAVE feature 0x01: 'x87 floating point registers'
[    0.000000] x86/fpu: Supporting XSAVE feature 0x02: 'SSE registers'
[    0.000000] x86/fpu: Supporting XSAVE feature 0x04: 'AVX registers'
[    0.000000] x86/fpu: Enabled xstate features 0x7, context size is 832 bytes, using 'standard' format.
[    0.000000] e820: BIOS-provided physical RAM map:
[    0.000000] BIOS-e820: [mem 0x0000000000000000-0x000000000009fbff] usable
[    0.000000] BIOS-e820: [mem 0x000000000009fc00-0x000000000009ffff] reserved
[    0.000000] BIOS-e820: [mem 0x00000000000f0000-0x00000000000fffff] reserved
[    0.000000] BIOS-e820: [mem 0x0000000000100000-0x000000003ffeffff] usable
[    0.000000] BIOS-e820: [mem 0x000000003fff0000-0x000000003fffffff] ACPI data
[    0.000000] BIOS-e820: [mem 0x00000000fec00000-0x00000000fec00fff] reserved
[    0.000000] BIOS-e820: [mem 0x00000000fee00000-0x00000000fee00fff] reserved
[    0.000000] BIOS-e820: [mem 0x00000000fffc0000-0x00000000ffffffff] reserved
[    0.000000] NX (Execute Disable) protection: active
[    0.000000] SMBIOS 2.5 present.
[    0.000000] Hypervisor detected: KVM
[    0.000000] e820: last_pfn = 0x3fff0 max_arch_pfn = 0x400000000
[    0.000000] MTRR: Disabled
[    0.000000] x86/PAT: MTRRs disabled, skipping PAT initialization too.
[    0.000000] CPU MTRRs all blank - virtualized system.
[    0.000000] x86/PAT: Configuration [0-7]: WB  WT  UC- UC  WB  WT  UC- UC  
[    0.000000] found SMP MP-table at [mem 0x0009fff0-0x0009ffff] mapped at [ffff88000009fff0]
[    0.000000] Scanning 1 areas for low memory corruption
[    0.000000] RAMDISK: [mem 0x3630a000-0x3717cfff]
[    0.000000] ACPI: Early table checksum verification disabled
[    0.000000] ACPI: RSDP 0x00000000000E0000 000024 (v02 VBOX  )
[    0.000000] ACPI: XSDT 0x000000003FFF0030 00003C (v01 VBOX   VBOXXSDT 00000001 ASL  00000061)
[    0.000000] ACPI: FACP 0x000000003FFF00F0 0000F4 (v04 VBOX   VBOXFACP 00000001 ASL  00000061)
[    0.000000] ACPI: DSDT 0x000000003FFF0470 0021FF (v02 VBOX   VBOXBIOS 00000002 INTL 20100528)
[    0.000000] ACPI: FACS 0x000000003FFF0200 000040
[    0.000000] ACPI: FACS 0x000000003FFF0200 000040
[    0.000000] ACPI: APIC 0x000000003FFF0240 00005C (v02 VBOX   VBOXAPIC 00000001 ASL  00000061)
[    0.000000] ACPI: SSDT 0x000000003FFF02A0 0001CC (v01 VBOX   VBOXCPUT 00000002 INTL 20100528)
[    0.000000] No NUMA configuration found
[    0.000000] Faking a node at [mem 0x0000000000000000-0x000000003ffeffff]
[    0.000000] NODE_DATA(0) allocated [mem 0x3ffeb000-0x3ffeffff]
[    0.000000] kvm-clock: Using msrs 4b564d01 and 4b564d00
[    0.000000] kvm-clock: cpu 0, msr 0:3ffe3001, primary cpu clock
[    0.000000] kvm-clock: using sched offset of 13632544135 cycles
[    0.000000] clocksource: kvm-clock: mask: 0xffffffffffffffff max_cycles: 0x1cd42e4dffb, max_idle_ns: 881590591483 ns
[    0.000000] Zone ranges:
[    0.000000]   DMA      [mem 0x0000000000001000-0x0000000000ffffff]
[    0.000000]   DMA32    [mem 0x0000000001000000-0x000000003ffeffff]
[    0.000000]   Normal   empty
[    0.000000]   Device   empty
[    0.000000] Movable zone start for each node
[    0.000000] Early memory node ranges
[    0.000000]   node   0: [mem 0x0000000000001000-0x000000000009efff]
[    0.000000]   node   0: [mem 0x0000000000100000-0x000000003ffeffff]
[    0.000000] Initmem setup node 0 [mem 0x0000000000001000-0x000000003ffeffff]
[    0.000000] ACPI: PM-Timer IO Port: 0x4008
[    0.000000] IOAPIC[0]: apic_id 2, version 32, address 0xfec00000, GSI 0-23
[    0.000000] ACPI: INT_SRC_OVR (bus 0 bus_irq 0 global_irq 2 dfl dfl)
[    0.000000] ACPI: INT_SRC_OVR (bus 0 bus_irq 9 global_irq 9 low level)
[    0.000000] Using ACPI (MADT) for SMP configuration information
[    0.000000] smpboot: Allowing 2 CPUs, 0 hotplug CPUs
[    0.000000] PM: Registered nosave memory: [mem 0x00000000-0x00000fff]
[    0.000000] PM: Registered nosave memory: [mem 0x0009f000-0x0009ffff]
[    0.000000] PM: Registered nosave memory: [mem 0x000a0000-0x000effff]
[    0.000000] PM: Registered nosave memory: [mem 0x000f0000-0x000fffff]
[    0.000000] e820: [mem 0x40000000-0xfebfffff] available for PCI devices
[    0.000000] Booting paravirtualized kernel on KVM
[    0.000000] clocksource: refined-jiffies: mask: 0xffffffff max_cycles: 0xffffffff, max_idle_ns: 7645519600211568 ns
[    0.000000] setup_percpu: NR_CPUS:512 nr_cpumask_bits:512 nr_cpu_ids:2 nr_node_ids:1
[    0.000000] PERCPU: Embedded 34 pages/cpu @ffff88003fc00000 s99544 r8192 d31528 u1048576
[    0.000000] PV qspinlock hash table entries: 256 (order: 0, 4096 bytes)
[    0.000000] Built 1 zonelists in Node order, mobility grouping on.  Total pages: 257912
[    0.000000] Policy zone: DMA32
[    0.000000] Kernel command line: BOOT_IMAGE=/boot/vmlinuz-4.4.0-135-generic root=LABEL=cloudimg-rootfs ro console=tty1 console=ttyS0
[    0.000000] PID hash table entries: 4096 (order: 3, 32768 bytes)
[    0.000000] Memory: 997720K/1048120K available (8554K kernel code, 1314K rwdata, 4004K rodata, 1516K init, 1316K bss, 50400K reserved, 0K cma-reserved)
[    0.000000] SLUB: HWalign=64, Order=0-3, MinObjects=0, CPUs=2, Nodes=1
[    0.000000] Kernel/User page tables isolation: enabled
[    0.000000] Hierarchical RCU implementation.
[    0.000000] 	Build-time adjustment of leaf fanout to 64.
[    0.000000] 	RCU restricting CPUs from NR_CPUS=512 to nr_cpu_ids=2.
[    0.000000] RCU: Adjusting geometry for rcu_fanout_leaf=64, nr_cpu_ids=2
[    0.000000] NR_IRQS:33024 nr_irqs:440 16
[    0.000000] Console: colour VGA+ 80x25
[    0.000000] console [tty1] enabled
[    0.000000] console [ttyS0] enabled
[    0.000000] tsc: Detected 2594.004 MHz processor
[    2.403323] Calibrating delay loop (skipped) preset value.. 5188.00 BogoMIPS (lpj=10376016)
[    2.437789] pid_max: default: 32768 minimum: 301
[    2.456227] ACPI: Core revision 20150930
[    2.473228] ACPI: 2 ACPI AML tables successfully acquired and loaded
[    2.499991] Security Framework initialized
[    2.516760] Yama: becoming mindful.
[    2.531627] AppArmor: AppArmor initialized
[    2.548438] Dentry cache hash table entries: 131072 (order: 8, 1048576 bytes)
[    2.577635] Inode-cache hash table entries: 65536 (order: 7, 524288 bytes)
[    2.601919] Mount-cache hash table entries: 2048 (order: 2, 16384 bytes)
[    2.626006] Mountpoint-cache hash table entries: 2048 (order: 2, 16384 bytes)
[    2.651057] Initializing cgroup subsys io
[    2.667961] Initializing cgroup subsys memory
[    2.685553] Initializing cgroup subsys devices
[    2.703087] Initializing cgroup subsys freezer
[    2.720598] Initializing cgroup subsys net_cls
[    2.738031] Initializing cgroup subsys perf_event
[    2.756333] Initializing cgroup subsys net_prio
[    2.774446] Initializing cgroup subsys hugetlb
[    2.792478] Initializing cgroup subsys pids
[    2.811016] mce: CPU supports 0 MCE banks
[    2.827759] Last level iTLB entries: 4KB 1024, 2MB 1024, 4MB 1024
[    2.850200] Last level dTLB entries: 4KB 1024, 2MB 1024, 4MB 1024, 1GB 4
[    2.873960] Spectre V2 : Mitigation: Full generic retpoline
[    2.895538] Spectre V2 : Speculation control IBPB not-supported IBRS not-supported
[    2.921824] Speculative Store Bypass: Vulnerable
[    2.977538] Freeing SMP alternatives memory: 32K
[    3.095327] ftrace: allocating 32266 entries in 127 pages
[    3.562758] smpboot: APIC(0) Converting physical 0 to logical package 0
[    3.586301] smpboot: Max logical packages: 1
[    3.609111] x2apic enabled
[    3.626044] Switched APIC routing to physical x2apic.
[    3.666200] ..TIMER: vector=0x30 apic1=0 pin1=2 apic2=-1 pin2=-1
[    3.793949] smpboot: CPU0: Intel(R) Core(TM) i7-4720HQ CPU @ 2.60GHz (family: 0x6, model: 0x3c, stepping: 0x3)
[    3.837116] Performance Events: unsupported p6 CPU model 60 no PMU driver, software events only.
[    3.874891] KVM setup paravirtual spinlock
[    3.891726] x86: Booting SMP configuration:
[    3.908531] .... node  #0, CPUs:      #1
[    3.926447] kvm-clock: cpu 1, msr 0:3ffe3041, secondary cpu clock
[    3.943805] mce: CPU supports 0 MCE banks
[    3.957013] x86: Booted up 1 node, 2 CPUs
[    3.977125] smpboot: Total of 2 processors activated (10376.01 BogoMIPS)
[    4.004777] devtmpfs: initialized
[    4.021107] evm: security.selinux
[    4.035700] evm: security.SMACK64
[    4.050258] evm: security.SMACK64EXEC
[    4.065661] evm: security.SMACK64TRANSMUTE
[    4.082364] evm: security.SMACK64MMAP
[    4.098576] evm: security.ima
[    4.112635] evm: security.capability
[    4.128097] clocksource: jiffies: mask: 0xffffffff max_cycles: 0xffffffff, max_idle_ns: 7645041785100000 ns
[    4.164738] futex hash table entries: 512 (order: 3, 32768 bytes)
[    4.187755] pinctrl core: initialized pinctrl subsystem
[    4.208270] RTC time: 14:19:20, date: 09/11/18
[    4.226801] NET: Registered protocol family 16
[    4.255026] cpuidle: using governor ladder
[    4.282458] cpuidle: using governor menu
[    4.299566] PCCT header not found.
[    4.315159] ACPI: bus type PCI registered
[    4.331631] acpiphp: ACPI Hot Plug PCI Controller Driver version: 0.5
[    4.356687] PCI: Using configuration type 1 for base access
[    4.412637] ACPI: Added _OSI(Module Device)
[    4.429936] ACPI: Added _OSI(Processor Device)
[    4.447244] ACPI: Added _OSI(3.0 _SCP Extensions)
[    4.465574] ACPI: Added _OSI(Processor Aggregator Device)
[    4.490887] ACPI: Executed 1 blocks of module-level executable AML code
[    4.525998] ACPI: Interpreter enabled
[    4.541245] ACPI: (supports S0 S5)
[    4.555687] ACPI: Using IOAPIC for interrupt routing
[    4.575313] PCI: Using host bridge windows from ACPI; if necessary, use "pci=nocrs" and report a bug
[    4.629808] ACPI: PCI Root Bridge [PCI0] (domain 0000 [bus 00-ff])
[    4.652929] acpi PNP0A03:00: _OSC: OS supports [ASPM ClockPM Segments MSI]
[    4.678931] acpi PNP0A03:00: _OSC: not requesting OS control; OS requires [ExtendedConfig ASPM ClockPM MSI]
[    4.715192] acpi PNP0A03:00: fail to add MMCONFIG information, can't access extended PCI configuration space under this bridge.
[    4.760456] PCI host bridge to bus 0000:00
[    4.776756] pci_bus 0000:00: root bus resource [io  0x0000-0x0cf7 window]
[    4.801874] pci_bus 0000:00: root bus resource [io  0x0d00-0xffff window]
[    4.827042] pci_bus 0000:00: root bus resource [mem 0x000a0000-0x000bffff window]
[    4.856659] pci_bus 0000:00: root bus resource [mem 0x40000000-0xfdffffff window]
[    4.886972] pci_bus 0000:00: root bus resource [bus 00-ff]
[    4.944511] pci 0000:00:01.1: legacy IDE quirk: reg 0x10: [io  0x01f0-0x01f7]
[    4.969877] pci 0000:00:01.1: legacy IDE quirk: reg 0x14: [io  0x03f6]
[    4.993793] pci 0000:00:01.1: legacy IDE quirk: reg 0x18: [io  0x0170-0x0177]
[    5.019637] pci 0000:00:01.1: legacy IDE quirk: reg 0x1c: [io  0x0376]
[    5.167046] pci 0000:00:07.0: quirk: [io  0x4000-0x403f] claimed by PIIX4 ACPI
[    5.369285] pci 0000:00:07.0: quirk: [io  0x4100-0x410f] claimed by PIIX4 SMB
[    5.438984] ACPI: PCI Interrupt Link [LNKA] (IRQs 5 9 10 *11)
[    5.473780] ACPI: PCI Interrupt Link [LNKB] (IRQs 5 9 *10 11)
[    5.507169] ACPI: PCI Interrupt Link [LNKC] (IRQs 5 *9 10 11)
[    5.540577] ACPI: PCI Interrupt Link [LNKD] (IRQs 5 9 10 *11)
[    5.574838] ACPI: Enabled 2 GPEs in block 00 to 07
[    5.600294] vgaarb: setting as boot device: PCI:0000:00:02.0
[    5.621669] vgaarb: device added: PCI:0000:00:02.0,decodes=io+mem,owns=io+mem,locks=none
[    5.653284] vgaarb: loaded
[    5.666112] vgaarb: bridge control possible 0000:00:02.0
[    5.686757] SCSI subsystem initialized
[    5.702962] ACPI: bus type USB registered
[    5.719759] usbcore: registered new interface driver usbfs
[    5.740741] usbcore: registered new interface driver hub
[    5.761102] usbcore: registered new device driver usb
[    5.785670] PCI: Using ACPI for IRQ routing
[    5.807143] NetLabel: Initializing
[    5.822233] NetLabel:  domain hash size = 128
[    5.840196] NetLabel:  protocols = UNLABELED CIPSOv4
[    5.859271] NetLabel:  unlabeled traffic allowed by default
[    5.880667] amd_nb: Cannot enumerate AMD northbridges
[    5.900066] clocksource: Switched to clocksource kvm-clock
[    5.935243] AppArmor: AppArmor Filesystem Enabled
[    5.953211] pnp: PnP ACPI init
[    5.974791] pnp: PnP ACPI: found 3 devices
[    6.043351] clocksource: acpi_pm: mask: 0xffffff max_cycles: 0xffffff, max_idle_ns: 2085701024 ns
[    6.076078] NET: Registered protocol family 2
[    6.093886] TCP established hash table entries: 8192 (order: 4, 65536 bytes)
[    6.118695] TCP bind hash table entries: 8192 (order: 5, 131072 bytes)
[    6.142170] TCP: Hash tables configured (established 8192 bind 8192)
[    6.165287] UDP hash table entries: 512 (order: 2, 16384 bytes)
[    6.186484] UDP-Lite hash table entries: 512 (order: 2, 16384 bytes)
[    6.209247] NET: Registered protocol family 1
[    6.226381] pci 0000:00:00.0: Limiting direct PCI/PCI transfers
[    6.248074] pci 0000:00:01.0: Activating ISA DMA hang workarounds
[    6.272023] Unpacking initramfs...
[    6.573089] Freeing initrd memory: 14796K
[    6.589901] RAPL PMU detected, API unit is 2^-32 Joules, 4 fixed counters 10737418240 ms ovfl timer
[    6.624423] hw unit of domain pp0-core 2^-0 Joules
[    6.643407] hw unit of domain package 2^-0 Joules
[    6.661596] hw unit of domain dram 2^-0 Joules
[    6.679473] hw unit of domain pp1-gpu 2^-0 Joules
[    6.697751] platform rtc_cmos: registered platform RTC device (no PNP device found)
[    6.728762] Scanning for low memory corruption every 60 seconds
[    6.751943] audit: initializing netlink subsys (disabled)
[    6.772223] audit: type=2000 audit(1536675573.312:1): initialized
[    6.795209] Initialise system trusted keyring
[    6.813525] HugeTLB registered 2 MB page size, pre-allocated 0 pages
[    6.838055] zbud: loaded
[    6.851389] VFS: Disk quotas dquot_6.6.0
[    6.868248] VFS: Dquot-cache hash table entries: 512 (order 0, 4096 bytes)
[    6.892747] squashfs: version 4.0 (2009/01/31) Phillip Lougher
[    6.915089] fuse init (API version 7.23)
[    6.931225] Key type big_key registered
[    6.947649] Allocating IMA MOK and blacklist keyrings.
[    6.977098] Key type asymmetric registered
[    6.993639] Asymmetric key parser 'x509' registered
[    7.012990] Block layer SCSI generic (bsg) driver version 0.4 loaded (major 249)
[    7.042669] io scheduler noop registered
[    7.058969] io scheduler deadline registered (default)
[    7.079058] io scheduler cfq registered
[    7.095482] pci_hotplug: PCI Hot Plug PCI Core version: 0.5
[    7.116564] pciehp: PCI Express Hot Plug Controller Driver version: 0.4
[    7.140596] ACPI: AC Adapter [AC] (on-line)
[    7.158948] input: Power Button as /devices/LNXSYSTM:00/LNXPWRBN:00/input/input0
[    7.189972] ACPI: Power Button [PWRF]
[    7.206493] input: Sleep Button as /devices/LNXSYSTM:00/LNXSLPBN:00/input/input1
[    7.236522] ACPI: Sleep Button [SLPF]
[    7.253842] GHES: HEST is not enabled!
[    7.262139] ACPI: Battery Slot [BAT0] (battery present)
[    7.289182] Serial: 8250/16550 driver, 32 ports, IRQ sharing enabled
[    7.382260] 00:02: ttyS0 at I/O 0x3f8 (irq = 4, base_baud = 115200) is a 16550A
[    7.412981] Linux agpgart interface v0.103
[    7.434256] loop: module loaded
[    7.452502] scsi host0: ata_piix
[    7.467023] scsi host1: ata_piix
[    7.480831] ata1: PATA max UDMA/33 cmd 0x1f0 ctl 0x3f6 bmdma 0xd000 irq 14
[    7.504710] ata2: PATA max UDMA/33 cmd 0x170 ctl 0x376 bmdma 0xd008 irq 15
[    7.528307] libphy: Fixed MDIO Bus: probed
[    7.548833] tun: Universal TUN/TAP device driver, 1.6
[    7.568199] tun: (C) 1999-2004 Max Krasnyansky <maxk@qualcomm.com>
[    7.590541] PPP generic driver version 2.4.2
[    7.607674] ehci_hcd: USB 2.0 'Enhanced' Host Controller (EHCI) Driver
[    7.631517] ehci-pci: EHCI PCI platform driver
[    7.649089] ehci-platform: EHCI generic platform driver
[    7.669350] ohci_hcd: USB 1.1 'Open' Host Controller (OHCI) Driver
[    7.691481] ohci-pci: OHCI PCI platform driver
[    7.710258] ohci-platform: OHCI generic platform driver
[    7.730808] uhci_hcd: USB Universal Host Controller Interface driver
[    7.754499] i8042: PNP: PS/2 Controller [PNP0303:PS2K,PNP0f03:PS2M] at 0x60,0x64 irq 1,12
[    7.791778] serio: i8042 KBD port at 0x60,0x64 irq 1
[    7.810249] serio: i8042 AUX port at 0x60,0x64 irq 12
[    7.829321] mousedev: PS/2 mouse device common for all mice
[    7.855428] rtc_cmos rtc_cmos: rtc core: registered rtc_cmos as rtc0
[    7.880942] input: AT Translated Set 2 keyboard as /devices/platform/i8042/serio0/input/input2
[    7.881006] rtc_cmos rtc_cmos: alarms up to one day, 114 bytes nvram
[    7.881019] i2c /dev entries driver
[    7.881071] device-mapper: uevent: version 1.0.3
[    7.913763] device-mapper: ioctl: 4.34.0-ioctl (2015-10-28) initialised: dm-devel@redhat.com
[    7.913785] ledtrig-cpu: registered to indicate activity on CPUs
[    7.914334] NET: Registered protocol family 10
[    7.914601] NET: Registered protocol family 17
[    7.914611] Key type dns_resolver registered
[    7.914899] registered taskstats version 1
[    7.914910] Loading compiled-in X.509 certificates
[    7.915582] Loaded X.509 cert 'Build time autogenerated kernel key: b7189ebc996fd79c52efc1226b6676b25e4f6a2d'
[    7.915602] zswap: loaded using pool lzo/zbud
[    7.917824] Key type trusted registered
[    7.921583] Key type encrypted registered
[    7.921589] AppArmor: AppArmor sha1 policy hashing enabled
[    7.921592] ima: No TPM chip found, activating TPM-bypass!
[    7.921596] ima: Allocated hash algorithm: sha1
[    7.921607] evm: HMAC attrs: 0x1
[    7.924621]   Magic number: 2:600:333
[    7.924639] tty tty54: hash matches
[    7.936751] rtc_cmos rtc_cmos: setting system clock to 2018-09-11 14:19:24 UTC (1536675564)
[    7.936822] BIOS EDD facility v0.16 2004-Jun-25, 0 devices found
[    7.936823] EDD information not available.
[    8.385304] Freeing unused kernel memory: 1516K
[    8.419745] Write protecting the kernel read-only data: 14336k
[    8.443496] Freeing unused kernel memory: 1672K
[    8.461390] Freeing unused kernel memory: 92K
Loading, please wait...
starting version[    8.512941] random: udevadm: uninitialized urandom read (16 bytes read, 3 bits of entropy available)
 229
[    8.536797] random: systemd-udevd: uninitialized urandom read (16 bytes read, 3 bits of entropy available)
[    8.536889] random: systemd-udevd: uninitialized urandom read (16 bytes read, 3 bits of entropy available)
[    8.536902] random: systemd-udevd: uninitialized urandom read (16 bytes read, 3 bits of entropy available)
[    8.536916] random: systemd-udevd: uninitialized urandom read (16 bytes read, 3 bits of entropy available)
[    8.692337] random: udevadm: uninitialized urandom read (16 bytes read, 3 bits of entropy available)
[    8.737618] random: systemd-udevd: uninitialized urandom read (16 bytes read, 3 bits of entropy available)
[    8.741850] random: udevadm: uninitialized urandom read (16 bytes read, 3 bits of entropy available)
[    8.741897] random: udevadm: uninitialized urandom read (16 bytes read, 3 bits of entropy available)
[    8.742058] random: udevadm: uninitialized urandom read (16 bytes read, 3 bits of entropy available)
[    8.914355] e1000: Intel(R) PRO/1000 Network Driver - version 7.3.21-k8-NAPI
[    8.939151] e1000: Copyright (c) 1999-2006 Intel Corporation.
[    8.992606] Fusion MPT base driver 3.04.20
[    9.010081] Copyright (c) 1999-2008 LSI Corporation
[    9.055319] AVX2 version of gcm_enc/dec engaged.
[    9.073907] AES CTR mode by8 optimization enabled
[    9.099312] Fusion MPT SPI Host driver 3.04.20
[    9.396397] input: ImExPS/2 Generic Explorer Mouse as /devices/platform/i8042/serio1/input/input4
[   10.750585] e1000 0000:00:03.0 eth0: (PCI:33MHz:32-bit) 02:48:e1:e3:74:ed
[   10.774785] e1000 0000:00:03.0 eth0: Intel(R) PRO/1000 Network Connection
[   10.803615] mptbase: ioc0: Initiating bringup
[   10.806472] e1000 0000:00:03.0 enp0s3: renamed from eth0
[   10.984031] ioc0: LSI53C1030 A0: Capabilities={Initiator}
[   11.815514] scsi host2: ioc0: LSI53C1030 A0, FwRev=00000000h, Ports=1, MaxQ=256, IRQ=20
[   12.129121] scsi 2:0:0:0: Direct-Access     VBOX     HARDDISK         1.0  PQ: 0 ANSI: 5
[   12.159857] scsi target2:0:0: Beginning Domain Validation
[   12.192364] scsi target2:0:0: Domain Validation skipping write tests
[   12.214849] scsi target2:0:0: Ending Domain Validation
[   12.234670] scsi target2:0:0: asynchronous
[   12.255571] scsi 2:0:1:0: Direct-Access     VBOX     HARDDISK         1.0  PQ: 0 ANSI: 5
[   12.286088] scsi target2:0:1: Beginning Domain Validation
[   12.492480] scsi target2:0:1: Domain Validation skipping write tests
[   12.515381] scsi target2:0:1: Ending Domain Validation
[   12.535193] scsi target2:0:1: asynchronous
[   12.597592] sd 2:0:0:0: Attached scsi generic sg0 type 0
[   12.598529] sd 2:0:0:0: [sda] 20971520 512-byte logical blocks: (10.7 GB/10.0 GiB)
[   12.599206] sd 2:0:0:0: [sda] Write Protect is off
[   12.599656] sd 2:0:0:0: [sda] Incomplete mode parameter data
[   12.599657] sd 2:0:0:0: [sda] Assuming drive cache: write through
[   12.613749]  sda: sda1
[   12.616439] sd 2:0:0:0: [sda] Attached SCSI disk
[   12.742032] sd 2:0:1:0: [sdb] 20480 512-byte logical blocks: (10.5 MB/10.0 MiB)
[   12.771639] sd 2:0:1:0: Attached scsi generic sg1 type 0
[   12.793287] sd 2:0:1:0: [sdb] Write Protect is off
[   12.813369] sd 2:0:1:0: [sdb] Incomplete mode parameter data
[   12.834777] sd 2:0:1:0: [sdb] Assuming drive cache: write through
[   12.889970] sd 2:0:1:0: [sdb] Attached SCSI disk
Begin: Loading essential drivers ... [   18.879021] md: linear personality registered for level -1
[   18.905462] md: multipath personality registered for level -4
[   18.932723] md: raid0 personality registered for level 0
[   18.961429] md: raid1 personality registered for level 1
[   19.056695] raid6: sse2x1   gen()  8841 MB/s
[   19.140693] raid6: sse2x1   xor()  7196 MB/s
[   19.224609] raid6: sse2x2   gen() 11458 MB/s
[   19.308588] raid6: sse2x2   xor()  7676 MB/s
[   19.392542] raid6: sse2x4   gen() 13375 MB/s
[   19.476637] raid6: sse2x4   xor()  9112 MB/s
[   19.560469] raid6: avx2x1   gen() 17666 MB/s
[   19.644452] raid6: avx2x2   gen() 20263 MB/s
[   19.728411] raid6: avx2x4   gen() 22704 MB/s
[   19.746042] raid6: using algorithm avx2x4 gen() 22704 MB/s
[   19.766315] raid6: using avx2x2 recovery algorithm
[   19.787893] xor: automatically using best checksumming function:
[   19.848182]    avx       : 21180.000 MB/sec
[   19.868539] async_tx: api initialized (async)
[   19.903383] md: raid6 personality registered for level 6
[   19.923169] md: raid5 personality registered for level 5
[   19.942900] md: raid4 personality registered for level 4
[   19.974984] md: raid10 personality registered for level 10
done.
Begin: Running /scripts/init-premount ... done.
Begin: Mounting root file system ... Begin: Running /scripts/local-top ... done.
Begin: Running /scripts/local-premount ... [   20.096693] Btrfs loaded
Scanning for Btrfs filesystems
done.
Warning: fsck not present, so skipping root file system
[   20.356978] EXT4-fs (sda1): mounted filesystem with ordered data mode. Opts: (null)
done.
Begin: Running /scripts/local-bottom ... done.
Begin: Running /scripts/init-bottom ... done.
[   21.065220] random: nonblocking pool is initialized
[   21.286114] systemd[1]: systemd 229 running in system mode. (+PAM +AUDIT +SELINUX +IMA +APPARMOR +SMACK +SYSVINIT +UTMP +LIBCRYPTSETUP +GCRYPT +GNUTLS +ACL +XZ -LZ4 +SECCOMP +BLKID +ELFUTILS +KMOD -IDN)
[   21.347987] systemd[1]: Detected virtualization oracle.
[   21.368125] systemd[1]: Detected architecture x86-64.

Welcome to [1mUbuntu 16.04.5 LTS[0m!

[   21.435075] systemd[1]: Set hostname to <ubuntu>.
[   21.507662] systemd[1]: Initializing machine ID from random generator.
[   21.531194] systemd[1]: Installed transient /etc/machine-id file.
[   22.562226] systemd[1]: Reached target System Time Synchronized.
[[0;32m  OK  [0m] Reached target System Time Synchronized.
[   22.607206] systemd[1]: Reached target User and Group Name Lookups.
[[0;32m  OK  [0m] Reached target User and Group Name Lookups.
[   22.650040] systemd[1]: Listening on Device-mapper event daemon FIFOs.
[[0;32m  OK  [0m] Listening on Device-mapper event daemon FIFOs.
[   22.691962] systemd[1]: Listening on udev Kernel Socket.
[[0;32m  OK  [0m] Listening on udev Kernel Socket.
[   22.728683] systemd[1]: Listening on LVM2 poll daemon socket.
[[0;32m  OK  [0m] Listening on LVM2 poll daemon socket.
[   22.767655] systemd[1]: Reached target Swap.
[[0;32m  OK  [0m] Reached target Swap.
[   22.800342] systemd[1]: Started Forward Password Requests to Wall Directory Watch.
[[0;32m  OK  [0m] Started Forward Password Requests to Wall Directory Watch.
[   22.850692] systemd[1]: Listening on Syslog Socket.
[[0;32m  OK  [0m] Listening on Syslog Socket.
[   22.886877] systemd[1]: Set up automount Arbitrary Executable File Formats File System Automount Point.
[[0;32m  OK  [0m] Set up automount Arbitrary Executab...ats File System Automount Point.
[   22.944017] systemd[1]: Started Trigger resolvconf update for networkd DNS.
[[0;32m  OK  [0m] Started Trigger resolvconf update for networkd DNS.
[   22.988369] systemd[1]: Listening on Journal Audit Socket.
[[0;32m  OK  [0m] Listening on Journal Audit Socket.
[   23.025721] systemd[1]: Listening on Journal Socket.
[[0;32m  OK  [0m] Listening on Journal Socket.
[   23.060662] systemd[1]: Listening on udev Control Socket.
[[0;32m  OK  [0m] Listening on udev Control Socket.
[   23.098053] systemd[1]: Created slice User and Session Slice.
[[0;32m  OK  [0m] Created slice User and Session Slice.
[   23.141381] systemd[1]: Listening on /dev/initctl Compatibility Named Pipe.
[[0;32m  OK  [0m] Listening on /dev/initctl Compatibility Named Pipe.
[   23.186285] systemd[1]: Created slice System Slice.
[[0;32m  OK  [0m] Created slice System Slice.
[   23.285923] systemd[1]: Starting Set console keymap...
         Starting Set console keymap...
[   23.366025] systemd[1]: Starting Uncomplicated firewall...
         Starting Uncomplicated firewall...
[   23.404681] systemd[1]: Created slice system-serial\x2dgetty.slice.
[[0;32m  OK  [0m] Created slice system-serial\x2dgetty.slice.
[   23.460825] systemd[1]: Starting Create list of required static device nodes for the current kernel...
         Starting Create list of required st... nodes for the current kernel...
[   23.523856] systemd[1]: Reached target Slices.
[[0;32m  OK  [0m] Reached target Slices.
[   23.557694] systemd[1]: Starting Nameserver information manager...
         Starting Nameserver information manager...
[   23.600184] systemd[1]: Mounting POSIX Message Queue File System...
         Mounting POSIX Message Queue File System...
[   23.680802] systemd[1]: Starting Load Kernel Modules...
         Starting Load Kernel Modules...
[   23.717496] systemd[1]: Starting Remount Root and Kernel File Systems...
         Starting Remount Root and Kernel File Systems...
[   23.759055] systemd[1]: Listening on LVM2 metadata daemon socket.
[[0;32m  OK  [0m] Listening on LVM2 metadata daemon socket.
[   23.801857] EXT4-fs (sda1): re-mounted. Opts: (null)
[   23.815468] systemd[1]: Starting Monitoring of LVM2 mirrors, snapshots etc. using dmeventd or progress polling...
[   23.815550] Loading iSCSI transport class v2.0-870.
         Starting Monitoring of LVM2 mirrors... dmeventd or progress polling...
[   23.900985] systemd[1]: Reached target Encrypted Volumes.
[[0;32m  OK  [0m] Reached target Encrypted Volumes.
[   23.939048] systemd[1]: Listening on Journal Socket (/dev/log).
[   23.962223] iscsi: registered transport (tcp)
[[0;32m  OK  [0m] Listening on Journal Socket (/dev/log).
[   24.004486] systemd[1]: Starting Journal Service...
         Starting Journal Service...
[   24.042590] systemd[1]: Mounting Debug File System...
         Mounting Debug File System...
[   24.078276] systemd[1]: Mounting Huge Pages File System...
         Mounting Huge Pages File System...
[   24.145893] systemd[1]: Mounted Huge Pages File System.
[[0;32m  OK  [0m] Mounted Huge Pages File System.
[   24.192800] iscsi: registered transport (iser)
[   24.205486] systemd[1]: Mounted POSIX Message Queue File System.
[[0;32m  OK  [0m] Mounted POSIX Message Queue File System.
[   24.261565] systemd[1]: Mounted Debug File System.
[[0;32m  OK  [0m] Mounted Debug File System.
[   24.305906] systemd[1]: Started Journal Service.
[[0;32m  OK  [0m] Started Journal Service.
[[0;32m  OK  [0m] Started Set console keymap.
[[0;32m  OK  [0m] Started Uncomplicated firewall.
[[0;32m  OK  [0m] Started Create list of required sta...ce nodes for the current kernel.
[[0;32m  OK  [0m] Started Load Kernel Modules.
[[0;32m  OK  [0m] Started Remount Root and Kernel File Systems.
[[0;32m  OK  [0m] Started Nameserver information manager.
[[0;32m  OK  [0m] Started LVM2 metadata daemon.
         Starting udev Coldplug all Devices...
         Starting Load/Save Random Seed...
         Starting Apply Kernel Variables...
         Mounting FUSE Control File System...
         Starting Create Static Device Nodes in /dev...
         Starting Flush Journal to Persistent Storage...
[[0;32m  OK  [0m] Mounted FUSE Control File System.
[[0;32m  OK  [0m] Started Load/Save Random Seed.
[[0;32m  OK  [0m] Started Apply Kernel Variables.
[[0;32m  OK  [0m] Started udev Coldplug all Devices.
[[0;32m  OK  [0m] Started Create Static Device Nodes in /dev.
         Starting udev Kernel Device Manager...
[[0;32m  OK  [0m] Started Flush Journal to Persistent Storage.
[[0;32m  OK  [0m] Started Monitoring of LVM2 mirrors,...ng dmeventd or progress polling.
[[0;32m  OK  [0m] Started udev Kernel Device Manager.
[[0;32m  OK  [0m] Started Dispatch Password Requests to Console Directory Watch.
[[0;32m  OK  [0m] Reached target Local File Systems (Pre).
[[0;32m  OK  [0m] Reached target Local File Systems.
         Starting LSB: AppArmor initialization...
         Starting Set console font and keymap...
         Starting Tell Plymouth To Write Out Runtime Data...
         Starting Initial cloud-init job (pre-networking)...
         Starting Commit a transient machine-id on disk...
         Starting Create Volatile Files and Directories...
[[0;32m  OK  [0m] Started Tell Plymouth To Write Out Runtime Data.
[[0;32m  OK  [0m] Started Commit a transient machine-id on disk.
[[0;32m  OK  [0m] Found device /dev/ttyS0.
[[0;32m  OK  [0m] Listening on Load/Save RF Kill Switch Status /dev/rfkill Watch.
[[0;32m  OK  [0m] Started Create Volatile Files and Directories.
         Starting Update UTMP about System Boot/Shutdown...
[[0;32m  OK  [0m] Started Update UTMP about System Boot/Shutdown.
[[0;32m  OK  [0m] Started LSB: AppArmor initialization.
[   25.737394] cloud-init[474]: Cloud-init v. 18.3-9-g2e62cb8a-0ubuntu1~16.04.2 running 'init-local' at Tue, 11 Sep 2018 14:19:46 +0000. Up 24.81 seconds.
[[0;32m  OK  [0m] Started Initial cloud-init job (pre-networking).
[[0;32m  OK  [0m] Reached target Network (Pre).
         Starting Raise network interfaces...
[[0;32m  OK  [0m] Started Set console font and keymap.
[[0;32m  OK  [0m] Created slice system-getty.slice.
[[0;32m  OK  [0m] Started Raise network interfaces.
         Starting Initial cloud-init job (metadata service crawler)...
[[0;32m  OK  [0m] Reached target Network.
[   38.090773] cloud-init[918]: Cloud-init v. 18.3-9-g2e62cb8a-0ubuntu1~16.04.2 running 'init' at Tue, 11 Sep 2018 14:19:57 +0000. Up 36.17 seconds.
[   38.124984] cloud-init[918]: ci-info: ++++++++++++++++++++++++++++++++++++++Net device info++++++++++++++++++++++++++++++++++++++
[   38.158393] cloud-init[918]: ci-info: +--------+------+----------------------------+---------------+--------+-------------------+
[   38.189528] cloud-init[918]: ci-info: | Device |  Up  |          Address           |      Mask     | Scope  |     Hw-Address    |
[   38.223249] cloud-init[918]: ci-info: +--------+------+----------------------------+---------------+--------+-------------------+
[   38.256212] cloud-init[918]: ci-info: | enp0s3 | True |         10.0.2.15          | 255.255.255.0 | global | 02:48:e1:e3:74:ed |
[   38.286813] cloud-init[918]: ci-info: | enp0s3 | True | fe80::48:e1ff:fee3:74ed/64 |       .       |  link  | 02:48:e1:e3:74:ed |
[   38.317942] cloud-init[918]: ci-info: |   lo   | True |         127.0.0.1          |   255.0.0.0   |  host  |         .         |
[   38.348599] cloud-init[918]: ci-info: |   lo   | True |          ::1/128           |       .       |  host  |         .         |
[   38.382084] cloud-init[918]: ci-info: +--------+------+----------------------------+---------------+--------+-------------------+
[   38.387619] cloud-init[918]: ci-info: +++++++++++++++++++++++++++Route IPv4 info++++++++++++++++++++++++++++
[   38.398996] cloud-init[918]: ci-info: +-------+-------------+----------+---------------+-----------+-------+
[   38.407057] cloud-init[918]: ci-info: | Route | Destination | Gateway  |    Genmask    | Interface | Flags |
[   38.412420] cloud-init[918]: ci-info: +-------+-------------+----------+---------------+-----------+-------+
[   38.415087] cloud-init[918]: ci-info: |   0   |   0.0.0.0   | 10.0.2.2 |    0.0.0.0    |   enp0s3  |   UG  |
[   38.417823] cloud-init[918]: ci-info: |   1   |   10.0.2.0  | 0.0.0.0  | 255.255.255.0 |   enp0s3  |   U   |
[   38.423210] cloud-init[918]: ci-info: +-------+-------------+----------+---------------+-----------+-------+
[   38.431256] cloud-init[918]: ci-info: +++++++++++++++++++Route IPv6 info+++++++++++++++++++
[   38.439339] cloud-init[918]: ci-info: +-------+-------------+---------+-----------+-------+
[   38.447502] cloud-init[918]: ci-info: | Route | Destination | Gateway | Interface | Flags |
[   38.455525] cloud-init[918]: ci-info: +-------+-------------+---------+-----------+-------+
[   38.472049] cloud-init[918]: ci-info: |   0   |  fe80::/64  |    ::   |   enp0s3  |   U   |
[   38.480414] cloud-init[918]: ci-info: |   3   |   ff00::/8  |    ::   |   enp0s3  |   U   |
[   38.482958] cloud-init[918]: ci-info: +-------+-------------+---------+-----------+-------+
[   38.491104] cloud-init[918]: Generating public/private rsa key pair.
[   38.496567] cloud-init[918]: Your identification has been saved in /etc/ssh/ssh_host_rsa_key.
[   38.499245] cloud-init[918]: Your public key has been saved in /etc/ssh/ssh_host_rsa_key.pub.
[   38.507604] cloud-init[918]: The key fingerprint is:
[   38.515565] cloud-init[918]: SHA256:p7zmyWmfOGI3e4xlzHf8kyuOgYTPV3jPS1MesTRoUWc root@ubuntu-xenial
[   38.523544] cloud-init[918]: The key's randomart image is:
[   38.531531] cloud-init[918]: +---[RSA 2048]----+
[   38.539594] cloud-init[918]: |             ...E|
[   38.547977] cloud-init[918]: |              o..|
[   38.555954] cloud-init[918]: |             o + |
[   38.564287] cloud-init[918]: |        .   o . +|
[   38.566767] cloud-init[918]: |       .S+.. + o.|
[   38.572086] cloud-init[918]: |       .+o* + =.o|
[   38.580090] cloud-init[918]: |        oO + . *o|
[   38.582845] cloud-init[918]: |      o.B=+.o..o+|
[   38.590868] cloud-init[918]: |     . *O*o....oo|
[   38.596471] cloud-init[918]: +----[SHA256]-----+
[   38.599120] cloud-init[918]: Generating public/private dsa key pair.
[   38.607218] cloud-init[918]: Your identification has been saved in /etc/ssh/ssh_host_dsa_key.
[   38.615424] cloud-init[918]: Your public key has been saved in /etc/ssh/ssh_host_dsa_key.pub.
[   38.623558] cloud-init[918]: The key fingerprint is:
[   38.631635] cloud-init[918]: SHA256:KPtYstbrlAMSkuhHChLLgZY+B85nZozempG4h5aS40A root@ubuntu-xenial
[   38.639542] cloud-init[918]: The key's randomart image is:
[   38.647643] cloud-init[918]: +---[DSA 1024]----+
[   38.656015] cloud-init[918]: |o..              |
[   38.663945] cloud-init[918]: |+B.              |
[   38.676203] cloud-init[918]: |%.=.             |
[   38.687358] cloud-init[918]: |+BoO   .         |
[   38.695472] cloud-init[918]: |oE@.o . S        |
[   38.703495] cloud-init[918]: |o+.o + .         |
[   38.719922] cloud-init[918]: |.+= o.=          |
[   38.727994] cloud-init[918]: |B=. .B..         |
[   38.736064] cloud-init[918]: |++ .o.+.         |
[   38.744119] cloud-init[918]: +----[SHA256]-----+
[   38.755628] cloud-init[918]: Generating public/private ecdsa key pair.
[   38.771737] cloud-init[918]: Your identification has been saved in /etc/ssh/ssh_host_ecdsa_key.
[   38.779705] cloud-init[918]: Your public key has been saved in /etc/ssh/ssh_host_ecdsa_key.pub.
[   38.787664] cloud-init[918]: The key fingerprint is:
[   38.795982] cloud-init[918]: SHA256:nqAcPhx+0QMcKZe4QGuXrAci572u5o15IzyCsdiRwfs root@ubuntu-xenial
[   38.804430] cloud-init[918]: The key's randomart image is:
[   38.806915] cloud-init[918]: +---[ECDSA 256]---+
[   38.812292] cloud-init[918]: | ..  ..o         |
[   38.814972] cloud-init[918]: |  .ooo+.         |
[   38.820537] cloud-init[918]: |o.=.++o          |
[   38.823255] cloud-init[918]: |.=o=.  o         |
[   38.831211] cloud-init[918]: |  o+= o S        |
[   38.839321] cloud-init[918]: |. +* = + o       |
[   38.847420] cloud-init[918]: |o= oO . o        |
[   38.855634] cloud-init[918]: |= *=Eo           |
[   38.864169] cloud-init[918]: | +==o.           |
[   38.872146] cloud-init[918]: +----[SHA256]-----+
[   38.880617] cloud-init[918]: Generating public/private ed25519 key pair.
[   38.883163] cloud-init[918]: Your identification has been saved in /etc/ssh/ssh_host_ed25519_key.
[   38.899525] cloud-init[918]: Your public key has been saved in /etc/ssh/ssh_host_ed25519_key.pub.
[   38.907495] cloud-init[918]: The key fingerprint is:
[   38.915554] cloud-init[918]: SHA256:PB0zN/hGRqJ2vcYLtLk7ocoosabdGtBEHy6pTCDLYnU root@ubuntu-xenial
[   38.923581] cloud-init[918]: The key's randomart image is:
[   38.931697] cloud-init[918]: +--[ED25519 256]--+
[   38.939751] cloud-init[918]: |o ...E    . .    |
[   38.958955] cloud-init[918]: |+o.+..   . =     |
[   38.967565] cloud-init[918]: |o++ o   o B *    |
[   38.975436] cloud-init[918]: |=+ .   o + % o   |
[   38.984386] cloud-init[918]: |o..     S = *    |
[   38.986793] cloud-init[918]: | ..      ..= .   |
[   38.992217] cloud-init[918]: |  .o     ....    |
[   39.003770] cloud-init[918]: | .+o o  . ..     |
[   39.016124] cloud-init[918]: |.oooo o.  ..     |
[   39.028576] cloud-init[918]: +----[SHA256]-----+
[[0;32m  OK  [0m] Started Initial cloud-init job (metadata service crawler).
[[0;32m  OK  [0m] Reached target Network is Online.
         Starting iSCSI initiator daemon (iscsid)...
[[0;32m  OK  [0m] Reached target System Initialization.
[[0;32m  OK  [0m] Listening on ACPID Listen Socket.
         Starting Socket activation for snappy daemon.
[[0;32m  OK  [0m] Started Daily apt download activities.
[[0;32m  OK  [0m] Started Daily apt upgrade and clean activities.
[[0;32m  OK  [0m] Started ACPI Events Check.
[[0;32m  OK  [0m] Reached target Paths.
[[0;32m  OK  [0m] Started Daily Cleanup of Temporary Directories.
[[0;32m  OK  [0m] Reached target Timers.
[[0;32m  OK  [0m] Listening on UUID daemon activation socket.
[[0;32m  OK  [0m] Listening on D-Bus System Message Bus Socket.
         Starting LXD - unix socket.
[[0;32m  OK  [0m] Reached target Cloud-config availability.
[[0;32m  OK  [0m] Listening on Socket activation for snappy daemon.
[[0;32m  OK  [0m] Listening on LXD - unix socket.
[[0;32m  OK  [0m] Started iSCSI initiator daemon (iscsid).
         Starting Login to default iSCSI targets...
[[0;32m  OK  [0m] Reached target Sockets.
[[0;32m  OK  [0m] Reached target Basic System.
[[0;32m  OK  [0m] Started Deferred execution scheduler.
[[0;32m  OK  [0m] Started Unattended Upgrades Shutdown.
         Starting System Logging Service...
         Starting LXD - container startup/shutdown...
         Starting /etc/rc.local Compatibility...
[[0;32m  OK  [0m] Started FUSE filesystem for LXC.
         Starting Virtualbox guest utils...
         Starting Login Service...
         Starting LSB: Record successful boot for GRUB...
         Starting Pollinate to seed the pseudo random number generator...
         Starting LSB: MD monitoring daemon...
[[0;32m  OK  [0m] Started Regular background program processing daemon.
         Starting Accounts Service...
[[0;32m  OK  [0m] Started ACPI event daemon.
[[0;32m  OK  [0m] Started D-Bus System Message Bus.
         Starting Snappy daemon...
[[0;32m  OK  [0m] Started System Logging Service.
[[0;32m  OK  [0m] Started /etc/rc.local Compatibility.
[[0;32m  OK  [0m] Started Login Service.
[[0;32m  OK  [0m] Started LSB: Record successful boot for GRUB.
[[0;32m  OK  [0m] Started LSB: MD monitoring daemon.
[[0;32m  OK  [0m] Started Login to default iSCSI targets.
[[0;32m  OK  [0m] Reached target Remote File Systems (Pre).
[[0;32m  OK  [0m] Reached target Remote File Systems.
         Starting LSB: automatic crash report generation...
         Starting LSB: Set the CPU Frequency Scaling governor to "ondemand"...
         Starting Permit User Sessions...
         Starting LSB: daemon to balance interrupts for SMP systems...
         Starting Authenticate and Authorize Users to Run Privileged Tasks...
[[0;32m  OK  [0m] Started Permit User Sessions.
[[0;32m  OK  [0m] Started LSB: Set the CPU Frequency Scaling governor to "ondemand".
         Starting Terminate Plymouth Boot Screen...
         Starting Hold until boot process finishes up...
[[0;32m  OK  [0m] Started LSB: automatic crash report generation.
[[0;32m  OK  [0m] Started LSB: daemon to balance interrupts for SMP systems.
[[0;32m  OK  [0m] Started Terminate Plymouth Boot Screen.
[[0;32m  OK  [0m] Started Hold until boot process finishes up.
         Starting Set console scheme...
[[0;32m  OK  [0m] Started Getty on tty1.
[[0;32m  OK  [0m] Started Serial Getty on ttyS0.
[[0;32m  OK  [0m] Reached target Login Prompts.
[[0;32m  OK  [0m] Started Virtualbox guest utils.
[[0;32m  OK  [0m] Started Set console scheme.
[[0;32m  OK  [0m] Started Authenticate and Authorize Users to Run Privileged Tasks.
[[0;32m  OK  [0m] Started Accounts Service.
[[0;32m  OK  [0m] Started LXD - container startup/shutdown.
[[0;32m  OK  [0m] Started Pollinate to seed the pseudo random number generator.
         Starting OpenBSD Secure Shell server...
[[0;32m  OK  [0m] Started OpenBSD Secure Shell server.
[[0;32m  OK  [0m] Started Snappy daemon.
         Starting Wait until snapd is fully seeded...
[[0;32m  OK  [0m] Created slice User Slice of vagrant.
         Starting User Manager for UID 1000...
[[0;32m  OK  [0m] Started Session 1 of user vagrant.
[[0;32m  OK  [0m] Started User Manager for UID 1000.
[[0;32m  OK  [0m] Started Wait until snapd is fully seeded.
         Starting Apply the settings specified in cloud-config...
[[0;32m  OK  [0m] Reached target Multi-User System.
[[0;32m  OK  [0m] Reached target Graphical Interface.
         Starting Update UTMP about System Runlevel Changes...
[[0;32m  OK  [0m] Started Update UTMP about System Runlevel Changes.
[   47.820927] cloud-init[1300]: Generating locales (this might take a while)...
[   49.398621] cloud-init[1300]:   en_US.UTF-8... done
[   49.417015] cloud-init[1300]: Generation complete.

Ubuntu 16.04.5 LTS ubuntu-xenial ttyS0

ubuntu-xenial login: [   50.690387] cloud-init[1300]: Cloud-init v. 18.3-9-g2e62cb8a-0ubuntu1~16.04.2 running 'modules:config' at Tue, 11 Sep 2018 14:20:08 +0000. Up 47.13 seconds.
ci-info: no authorized ssh keys fingerprints found for user ubuntu.
<14>Sep 11 14:20:12 ec2: 
<14>Sep 11 14:20:12 ec2: #############################################################
<14>Sep 11 14:20:12 ec2: -----BEGIN SSH HOST KEY FINGERPRINTS-----
<14>Sep 11 14:20:12 ec2: 1024 SHA256:KPtYstbrlAMSkuhHChLLgZY+B85nZozempG4h5aS40A root@ubuntu-xenial (DSA)
<14>Sep 11 14:20:12 ec2: 256 SHA256:nqAcPhx+0QMcKZe4QGuXrAci572u5o15IzyCsdiRwfs root@ubuntu-xenial (ECDSA)
<14>Sep 11 14:20:12 ec2: 256 SHA256:PB0zN/hGRqJ2vcYLtLk7ocoosabdGtBEHy6pTCDLYnU root@ubuntu-xenial (ED25519)
<14>Sep 11 14:20:12 ec2: 2048 SHA256:p7zmyWmfOGI3e4xlzHf8kyuOgYTPV3jPS1MesTRoUWc root@ubuntu-xenial (RSA)
<14>Sep 11 14:20:12 ec2: -----END SSH HOST KEY FINGERPRINTS-----
<14>Sep 11 14:20:12 ec2: #############################################################
-----BEGIN SSH HOST KEY KEYS-----
ecdsa-sha2-nistp256 AAAAE2VjZHNhLXNoYTItbmlzdHAyNTYAAAAIbmlzdHAyNTYAAABBBFk/8SUHR4RooDjne0X6vmMQtOkBnlPKMQ5gslVyg5/OmcisERRcY5MGkLUY2gi+fkdfGbtMYk59jIh4bO1t0jk= root@ubuntu-xenial
ssh-ed25519 AAAAC3NzaC1lZDI1NTE5AAAAILRJpVnM5N8Hg+N9BmAQMJn0CwaBExpMkYd+tu7pxEQE root@ubuntu-xenial
ssh-rsa AAAAB3NzaC1yc2EAAAADAQABAAABAQCsj4IeZ3tVGiahMzMw9AvkuEenmZj1EtRyiYhWMMpi5wNdrs5Yh943nZlXtT38J/dLaojVDLqTW3wpc82e5XUWALP25XCEnsFA/faf0RBy0V3LuC0lIP/8haxClln66fHsV57i/d1rRZLcI3iGDTiahlK+VNh331xQQ2HmUHMJc2QwGfiC/Mx9iBVmv5vI19qraUTar/F0r3EPh0v950IiC2zArSCh/744MGIwCcV85t1z4FfHbUQE9LJguRqDJYv0uYahxcn0scwuQAjvfvo/LWJIXT3d7oJjMDU3aPlcW8842JuH3jeC2wNecN7dJEGwoLrHQDSKoLX0XRsWy5ip root@ubuntu-xenial
-----END SSH HOST KEY KEYS-----
[   51.713215] cloud-init[1465]: Cloud-init v. 18.3-9-g2e62cb8a-0ubuntu1~16.04.2 running 'modules:final' at Tue, 11 Sep 2018 14:20:12 +0000. Up 51.12 seconds.
[   51.755478] cloud-init[1465]: ci-info: no authorized ssh keys fingerprints found for user ubuntu.
[   51.787222] cloud-init[1465]: Cloud-init v. 18.3-9-g2e62cb8a-0ubuntu1~16.04.2 finished at Tue, 11 Sep 2018 14:20:12 +0000. Datasource DataSourceNoCloud [seed=/dev/sdb][dsmode=net].  Up 51.44 seconds
